// Jest Snapshot v1, https://goo.gl/fbAQLP

exports[`<Footer /> renders the <Footer /> with populated data 1`] = `
<div
  class="footer__Container-eh6b4z-0 isRyWX"
>
  <p
    class="footer__Title-eh6b4z-4 donNTi"
  >
    Questions? Contact us.
  </p>
  <div
    class="footer__Break-eh6b4z-6 cSefdh"
  />
  <div
    class="footer__Row-eh6b4z-2 bgvkVc"
  >
    <div
      class="footer__Column-eh6b4z-1 bEygbH"
    >
      <a
        class="footer__Link-eh6b4z-3 bQrVBv"
        href="#"
      >
        FAQ
      </a>
      <a
        class="footer__Link-eh6b4z-3 bQrVBv"
        href="#"
      >
        Investor Relations
      </a>
      <a
        class="footer__Link-eh6b4z-3 bQrVBv"
        href="#"
      >
        Ways to Watch
      </a>
      <a
        class="footer__Link-eh6b4z-3 bQrVBv"
        href="#"
      >
        Corporate Information
      </a>
      <a
        class="footer__Link-eh6b4z-3 bQrVBv"
        href="#"
      >
        Netflix Originals
      </a>
    </div>
    <div
      class="footer__Column-eh6b4z-1 bEygbH"
    >
      <a
        class="footer__Link-eh6b4z-3 bQrVBv"
        href="#"
      >
        Help Centre
      </a>
      <a
        class="footer__Link-eh6b4z-3 bQrVBv"
        href="#"
      >
        Jobs
      </a>
      <a
        class="footer__Link-eh6b4z-3 bQrVBv"
        href="#"
      >
        Terms of Use
      </a>
      <a
        class="footer__Link-eh6b4z-3 bQrVBv"
        href="#"
      >
        Contact Us
      </a>
    </div>
    <div
      class="footer__Column-eh6b4z-1 bEygbH"
    >
      <a
        class="footer__Link-eh6b4z-3 bQrVBv"
        href="#"
      >
        Account
      </a>
      <a
        class="footer__Link-eh6b4z-3 bQrVBv"
        href="#"
      >
        Redeem gift cards
      </a>
      <a
        class="footer__Link-eh6b4z-3 bQrVBv"
        href="#"
      >
        Privacy
      </a>
      <a
        class="footer__Link-eh6b4z-3 bQrVBv"
        href="#"
      >
        Speed Test
      </a>
    </div>
    <div
      class="footer__Column-eh6b4z-1 bEygbH"
    >
      <a
        class="footer__Link-eh6b4z-3 bQrVBv"
        href="#"
      >
        Media Centre
      </a>
      <a
        class="footer__Link-eh6b4z-3 bQrVBv"
        href="#"
      >
        Buy gift cards
      </a>
      <a
        class="footer__Link-eh6b4z-3 bQrVBv"
        href="#"
      >
        Cookie Preferences
      </a>
      <a
        class="footer__Link-eh6b4z-3 bQrVBv"
        href="#"
      >
        Legal Notices
      </a>
    </div>
  </div>
  <div
    class="footer__Break-eh6b4z-6 cSefdh"
  />
  <p
    class="footer__Text-eh6b4z-5 iwKfvX"
  >
    Netflix United Kingdom
  </p>
</div>
`;
