// Jest Snapshot v1, https://goo.gl/fbAQLP

exports[`<Form /> renders the <Form /> with an error 1`] = `
<div
  class="form__Container-sc-1jfxee4-0 dZoQaY"
>
  <div
    class="form__Error-sc-1jfxee4-1 dWMLIa"
  >
    Your email address is already being used
  </div>
  <button
    class="form__Submit-sc-1jfxee4-8 ceudti"
    type="submit"
  >
    Sign In
  </button>
</div>
`;

exports[`<Form /> renders the <Form /> with populated data 1`] = `
<div
  class="form__Container-sc-1jfxee4-0 dZoQaY"
>
  <h1
    class="form__Title-sc-1jfxee4-3 gcvzkT"
  >
    Sign In Now
  </h1>
  <form
    class="form__Base-sc-1jfxee4-2 exFlYw"
  >
    <input
      class="form__Input-sc-1jfxee4-7 dTTGHV"
      placeholder="Email address"
    />
    <input
      class="form__Input-sc-1jfxee4-7 dTTGHV"
      placeholder="Password"
      type="password"
    />
    <button
      class="form__Submit-sc-1jfxee4-8 ceudti"
      disabled=""
      type="submit"
    >
      Sign In
    </button>
  </form>
  <p
    class="form__Text-sc-1jfxee4-4 ikExNy"
  >
    New to Netflix? 
  </p>
  <p
    class="form__TextSmall-sc-1jfxee4-5 exnfNi"
  >
    This page is protected by Google reCAPTCHA to ensure you're not a bot. Learn more.
  </p>
</div>
`;
